2026-01-20 01:29:53.593207: E external/local_xla/xla/stream_executor/cuda/cuda_fft.cc:467] Unable to register cuFFT factory: Attempting to register factory for plugin cuFFT when one has already been registered
WARNING: All log messages before absl::InitializeLog() is called are written to STDERR
E0000 00:00:1768901393.604475 1308550 cuda_dnn.cc:8579] Unable to register cuDNN factory: Attempting to register factory for plugin cuDNN when one has already been registered
E0000 00:00:1768901393.608084 1308550 cuda_blas.cc:1407] Unable to register cuBLAS factory: Attempting to register factory for plugin cuBLAS when one has already been registered
W0000 00:00:1768901393.618053 1308550 computation_placer.cc:177] computation placer already registered. Please check linkage and avoid linking the same target more than once.
W0000 00:00:1768901393.618064 1308550 computation_placer.cc:177] computation placer already registered. Please check linkage and avoid linking the same target more than once.
W0000 00:00:1768901393.618066 1308550 computation_placer.cc:177] computation placer already registered. Please check linkage and avoid linking the same target more than once.
W0000 00:00:1768901393.618067 1308550 computation_placer.cc:177] computation placer already registered. Please check linkage and avoid linking the same target more than once.
2026-01-20 01:29:53.620904: I tensorflow/core/platform/cpu_feature_guard.cc:210] This TensorFlow binary is optimized to use available CPU instructions in performance-critical operations.
To enable the following instructions: AVX2 FMA, in other operations, rebuild TensorFlow with the appropriate compiler flags.
2026-01-20 01:29:56,078 - INFO - Configuration setup complete
2026-01-20 01:29:56,078 - INFO - Final configuration: TrainingConfig(model=ModelConfig(N=128, gridsize=2, n_filters_scale=2, model_type='pinn', amp_activation='sigmoid', object_big=True, probe_big=True, probe_mask=False, pad_object=True, probe_scale=4), train_data_file=PosixPath('notebooks/train_data.npz'), test_data_file=PosixPath('notebooks/test_data.npz'), batch_size=16, nepochs=60, mae_weight=1, nll_weight=0, realspace_mae_weight=0.0, realspace_weight=0.0, nphotons=1000000000.0, positions_provided=True, data_source='lines', probe_trainable=False, intensity_scale_trainable=True, output_dir=PosixPath('/home/ollie/Documents/tmp/PtychoPINN/.artifacts/DEBUG-SIM-LINES-DOSE-001/2026-01-20T092411Z/simulation'))
3 items had no tests:
    __main__
    __main__.main
    __main__.patch_components
0 tests in 3 items.
0 passed and 0 failed.
Test passed.
Traceback (most recent call last):
  File "/home/ollie/Documents/PtychoPINN/ptycho/nongrid_simulation.py", line 27, in load_probe_object
    with np.load(file_path) as data:
         ^^^^^^^^^^^^^^^^^^
  File "/home/ollie/miniconda3/envs/ptycho311/lib/python3.11/site-packages/numpy/lib/_npyio_impl.py", line 454, in load
    fid = stack.enter_context(open(os.fspath(file), "rb"))
                              ^^^^^^^^^^^^^^^^^^^^^^^^^^^
FileNotFoundError: [Errno 2] No such file or directory: 'notebooks/train_data.npz'

During handling of the above exception, another exception occurred:

Traceback (most recent call last):
  File "/home/ollie/Documents/tmp/PtychoPINN/plans/active/DEBUG-SIM-LINES-DOSE-001/bin/run_dose_stage.py", line 62, in <module>
    main()
  File "/home/ollie/Documents/tmp/PtychoPINN/plans/active/DEBUG-SIM-LINES-DOSE-001/bin/run_dose_stage.py", line 58, in main
    runpy.run_path(str(script_path), run_name="__main__")
  File "<frozen runpy>", line 291, in run_path
  File "<frozen runpy>", line 98, in _run_module_code
  File "<frozen runpy>", line 88, in _run_code
  File "/home/ollie/Documents/PtychoPINN/scripts/simulation/simulation.py", line 275, in <module>
    main()
  File "/home/ollie/Documents/PtychoPINN/scripts/simulation/simulation.py", line 209, in main
    simulated_data, ground_truth_patches = simulate_from_npz(
                                           ^^^^^^^^^^^^^^^^^^
  File "/home/ollie/Documents/PtychoPINN/ptycho/nongrid_simulation.py", line 117, in simulate_from_npz
    objectGuess, probeGuess = load_probe_object(file_path)
                              ^^^^^^^^^^^^^^^^^^^^^^^^^^^^
  File "/home/ollie/Documents/PtychoPINN/ptycho/nongrid_simulation.py", line 43, in load_probe_object
    raise RuntimeError(f"Error loading data from {file_path}: {str(e)}")
RuntimeError: Error loading data from notebooks/train_data.npz: [Errno 2] No such file or directory: 'notebooks/train_data.npz'
